Archive member included to satisfy reference by file (symbol)

/opt/st/stm32cubeide_1.6.0/plugins/com.st.stm32cube.ide.mcu.externaltools.gnu-tools-for-stm32.9-2020-q2-update.linux64_1.5.0.202011040924/tools/bin/../lib/gcc/arm-none-eabi/9.3.1/../../../../arm-none-eabi/lib/thumb/v7e-m+fp/hard/libc_nano.a(lib_a-errno.o)
                              Core/Src/syscalls.o (__errno)
/opt/st/stm32cubeide_1.6.0/plugins/com.st.stm32cube.ide.mcu.externaltools.gnu-tools-for-stm32.9-2020-q2-update.linux64_1.5.0.202011040924/tools/bin/../lib/gcc/arm-none-eabi/9.3.1/../../../../arm-none-eabi/lib/thumb/v7e-m+fp/hard/libc_nano.a(lib_a-exit.o)
                              /opt/st/stm32cubeide_1.6.0/plugins/com.st.stm32cube.ide.mcu.externaltools.gnu-tools-for-stm32.9-2020-q2-update.linux64_1.5.0.202011040924/tools/bin/../lib/gcc/arm-none-eabi/9.3.1/../../../../arm-none-eabi/lib/thumb/v7e-m+fp/hard/crt0.o (exit)
/opt/st/stm32cubeide_1.6.0/plugins/com.st.stm32cube.ide.mcu.externaltools.gnu-tools-for-stm32.9-2020-q2-update.linux64_1.5.0.202011040924/tools/bin/../lib/gcc/arm-none-eabi/9.3.1/../../../../arm-none-eabi/lib/thumb/v7e-m+fp/hard/libc_nano.a(lib_a-impure.o)
                              /opt/st/stm32cubeide_1.6.0/plugins/com.st.stm32cube.ide.mcu.externaltools.gnu-tools-for-stm32.9-2020-q2-update.linux64_1.5.0.202011040924/tools/bin/../lib/gcc/arm-none-eabi/9.3.1/../../../../arm-none-eabi/lib/thumb/v7e-m+fp/hard/libc_nano.a(lib_a-exit.o) (_global_impure_ptr)
/opt/st/stm32cubeide_1.6.0/plugins/com.st.stm32cube.ide.mcu.externaltools.gnu-tools-for-stm32.9-2020-q2-update.linux64_1.5.0.202011040924/tools/bin/../lib/gcc/arm-none-eabi/9.3.1/../../../../arm-none-eabi/lib/thumb/v7e-m+fp/hard/libc_nano.a(lib_a-init.o)
                              /opt/st/stm32cubeide_1.6.0/plugins/com.st.stm32cube.ide.mcu.externaltools.gnu-tools-for-stm32.9-2020-q2-update.linux64_1.5.0.202011040924/tools/bin/../lib/gcc/arm-none-eabi/9.3.1/../../../../arm-none-eabi/lib/thumb/v7e-m+fp/hard/crt0.o (__libc_init_array)
/opt/st/stm32cubeide_1.6.0/plugins/com.st.stm32cube.ide.mcu.externaltools.gnu-tools-for-stm32.9-2020-q2-update.linux64_1.5.0.202011040924/tools/bin/../lib/gcc/arm-none-eabi/9.3.1/../../../../arm-none-eabi/lib/thumb/v7e-m+fp/hard/libc_nano.a(lib_a-memset.o)
                              /opt/st/stm32cubeide_1.6.0/plugins/com.st.stm32cube.ide.mcu.externaltools.gnu-tools-for-stm32.9-2020-q2-update.linux64_1.5.0.202011040924/tools/bin/../lib/gcc/arm-none-eabi/9.3.1/../../../../arm-none-eabi/lib/thumb/v7e-m+fp/hard/crt0.o (memset)
/opt/st/stm32cubeide_1.6.0/plugins/com.st.stm32cube.ide.mcu.externaltools.gnu-tools-for-stm32.9-2020-q2-update.linux64_1.5.0.202011040924/tools/bin/../lib/gcc/arm-none-eabi/9.3.1/thumb/v7e-m+fp/hard/libgcc.a(_aeabi_uldivmod.o)
                              Drivers/STM32L4xx_HAL_Driver/Src/stm32l4xx_hal_uart.o (__aeabi_uldivmod)
/opt/st/stm32cubeide_1.6.0/plugins/com.st.stm32cube.ide.mcu.externaltools.gnu-tools-for-stm32.9-2020-q2-update.linux64_1.5.0.202011040924/tools/bin/../lib/gcc/arm-none-eabi/9.3.1/thumb/v7e-m+fp/hard/libgcc.a(_udivmoddi4.o)
                              /opt/st/stm32cubeide_1.6.0/plugins/com.st.stm32cube.ide.mcu.externaltools.gnu-tools-for-stm32.9-2020-q2-update.linux64_1.5.0.202011040924/tools/bin/../lib/gcc/arm-none-eabi/9.3.1/thumb/v7e-m+fp/hard/libgcc.a(_aeabi_uldivmod.o) (__udivmoddi4)
/opt/st/stm32cubeide_1.6.0/plugins/com.st.stm32cube.ide.mcu.externaltools.gnu-tools-for-stm32.9-2020-q2-update.linux64_1.5.0.202011040924/tools/bin/../lib/gcc/arm-none-eabi/9.3.1/thumb/v7e-m+fp/hard/libgcc.a(_dvmd_tls.o)
                              /opt/st/stm32cubeide_1.6.0/plugins/com.st.stm32cube.ide.mcu.externaltools.gnu-tools-for-stm32.9-2020-q2-update.linux64_1.5.0.202011040924/tools/bin/../lib/gcc/arm-none-eabi/9.3.1/thumb/v7e-m+fp/hard/libgcc.a(_aeabi_uldivmod.o) (__aeabi_ldiv0)

Allocating common symbols
Common symbol       size              file

hspi2               0x64              Core/Src/spi.o
uwTick              0x4               Drivers/STM32L4xx_HAL_Driver/Src/stm32l4xx_hal.o
hrtc                0x24              Core/Src/rtc.o
huart2              0x84              Core/Src/main.o
htim16              0x4c              Core/Src/tim.o

Discarded input sections

 .text          0x0000000000000000        0x0 /opt/st/stm32cubeide_1.6.0/plugins/com.st.stm32cube.ide.mcu.externaltools.gnu-tools-for-stm32.9-2020-q2-update.linux64_1.5.0.202011040924/tools/bin/../lib/gcc/arm-none-eabi/9.3.1/thumb/v7e-m+fp/hard/crti.o
 .data          0x0000000000000000        0x0 /opt/st/stm32cubeide_1.6.0/plugins/com.st.stm32cube.ide.mcu.externaltools.gnu-tools-for-stm32.9-2020-q2-update.linux64_1.5.0.202011040924/tools/bin/../lib/gcc/arm-none-eabi/9.3.1/thumb/v7e-m+fp/hard/crti.o
[...]
Memory Configuration

Name             Origin             Length             Attributes
RAM              0x0000000020000000 0x0000000000018000 xrw
RAM2             0x0000000010000000 0x0000000000008000 xrw
FLASH            0x0000000008000000 0x0000000000100000 xr
*default*        0x0000000000000000 0xffffffffffffffff

Linker script and memory map

LOAD /opt/st/stm32cubeide_1.6.0/plugins/com.st.stm32cube.ide.mcu.externaltools.gnu-tools-for-stm32.9-2020-q2-update.linux64_1.5.0.202011040924/tools/bin/../lib/gcc/arm-none-eabi/9.3.1/thumb/v7e-m+fp/hard/crti.o
LOAD /opt/st/stm32cubeide_1.6.0/plugins/com.st.stm32cube.ide.mcu.externaltools.gnu-tools-for-stm32.9-2020-q2-update.linux64_1.5.0.202011040924/tools/bin/../lib/gcc/arm-none-eabi/9.3.1/thumb/v7e-m+fp/hard/crtbegin.o
LOAD /opt/st/stm32cubeide_1.6.0/plugins/com.st.stm32cube.ide.mcu.externaltools.gnu-tools-for-stm32.9-2020-q2-update.linux64_1.5.0.202011040924/tools/bin/../lib/gcc/arm-none-eabi/9.3.1/../../../../arm-none-eabi/lib/thumb/v7e-m+fp/hard/crt0.o
LOAD Core/Src/gpio.o
LOAD Core/Src/main.o
LOAD Core/Src/rtc.o
LOAD Core/Src/spi.o
LOAD Core/Src/stm32l4xx_hal_msp.o
LOAD Core/Src/stm32l4xx_it.o
LOAD Core/Src/syscalls.o
LOAD Core/Src/sysmem.o
LOAD Core/Src/system_stm32l4xx.o
LOAD Core/Src/tim.o
LOAD Core/Src/usart.o
LOAD Core/Startup/startup_stm32l476rgtx.o
LOAD Drivers/STM32L4xx_HAL_Driver/Src/stm32l4xx_hal.o
LOAD Drivers/STM32L4xx_HAL_Driver/Src/stm32l4xx_hal_cortex.o
LOAD Drivers/STM32L4xx_HAL_Driver/Src/stm32l4xx_hal_dma.o
LOAD Drivers/STM32L4xx_HAL_Driver/Src/stm32l4xx_hal_dma_ex.o
LOAD Drivers/STM32L4xx_HAL_Driver/Src/stm32l4xx_hal_exti.o
LOAD Drivers/STM32L4xx_HAL_Driver/Src/stm32l4xx_hal_flash.o
LOAD Drivers/STM32L4xx_HAL_Driver/Src/stm32l4xx_hal_flash_ex.o
LOAD Drivers/STM32L4xx_HAL_Driver/Src/stm32l4xx_hal_flash_ramfunc.o
LOAD Drivers/STM32L4xx_HAL_Driver/Src/stm32l4xx_hal_gpio.o
LOAD Drivers/STM32L4xx_HAL_Driver/Src/stm32l4xx_hal_i2c.o
LOAD Drivers/STM32L4xx_HAL_Driver/Src/stm32l4xx_hal_i2c_ex.o
LOAD Drivers/STM32L4xx_HAL_Driver/Src/stm32l4xx_hal_pwr.o
LOAD Drivers/STM32L4xx_HAL_Driver/Src/stm32l4xx_hal_pwr_ex.o
LOAD Drivers/STM32L4xx_HAL_Driver/Src/stm32l4xx_hal_rcc.o
LOAD Drivers/STM32L4xx_HAL_Driver/Src/stm32l4xx_hal_rcc_ex.o
LOAD Drivers/STM32L4xx_HAL_Driver/Src/stm32l4xx_hal_rtc.o
LOAD Drivers/STM32L4xx_HAL_Driver/Src/stm32l4xx_hal_rtc_ex.o
LOAD Drivers/STM32L4xx_HAL_Driver/Src/stm32l4xx_hal_spi.o
LOAD Drivers/STM32L4xx_HAL_Driver/Src/stm32l4xx_hal_spi_ex.o
LOAD Drivers/STM32L4xx_HAL_Driver/Src/stm32l4xx_hal_tim.o
LOAD Drivers/STM32L4xx_HAL_Driver/Src/stm32l4xx_hal_tim_ex.o
LOAD Drivers/STM32L4xx_HAL_Driver/Src/stm32l4xx_hal_uart.o
LOAD Drivers/STM32L4xx_HAL_Driver/Src/stm32l4xx_hal_uart_ex.o
START GROUP
LOAD /opt/st/stm32cubeide_1.6.0/plugins/com.st.stm32cube.ide.mcu.externaltools.gnu-tools-for-stm32.9-2020-q2-update.linux64_1.5.0.202011040924/tools/bin/../lib/gcc/arm-none-eabi/9.3.1/../../../../arm-none-eabi/lib/thumb/v7e-m+fp/hard/libc_nano.a
LOAD /opt/st/stm32cubeide_1.6.0/plugins/com.st.stm32cube.ide.mcu.externaltools.gnu-tools-for-stm32.9-2020-q2-update.linux64_1.5.0.202011040924/tools/bin/../lib/gcc/arm-none-eabi/9.3.1/../../../../arm-none-eabi/lib/thumb/v7e-m+fp/hard/libm.a
END GROUP
START GROUP
LOAD /opt/st/stm32cubeide_1.6.0/plugins/com.st.stm32cube.ide.mcu.externaltools.gnu-tools-for-stm32.9-2020-q2-update.linux64_1.5.0.202011040924/tools/bin/../lib/gcc/arm-none-eabi/9.3.1/thumb/v7e-m+fp/hard/libgcc.a
LOAD /opt/st/stm32cubeide_1.6.0/plugins/com.st.stm32cube.ide.mcu.externaltools.gnu-tools-for-stm32.9-2020-q2-update.linux64_1.5.0.202011040924/tools/bin/../lib/gcc/arm-none-eabi/9.3.1/../../../../arm-none-eabi/lib/thumb/v7e-m+fp/hard/libc_nano.a
END GROUP
START GROUP
LOAD /opt/st/stm32cubeide_1.6.0/plugins/com.st.stm32cube.ide.mcu.externaltools.gnu-tools-for-stm32.9-2020-q2-update.linux64_1.5.0.202011040924/tools/bin/../lib/gcc/arm-none-eabi/9.3.1/thumb/v7e-m+fp/hard/libgcc.a
LOAD /opt/st/stm32cubeide_1.6.0/plugins/com.st.stm32cube.ide.mcu.externaltools.gnu-tools-for-stm32.9-2020-q2-update.linux64_1.5.0.202011040924/tools/bin/../lib/gcc/arm-none-eabi/9.3.1/../../../../arm-none-eabi/lib/thumb/v7e-m+fp/hard/libc_nano.a
LOAD /opt/st/stm32cubeide_1.6.0/plugins/com.st.stm32cube.ide.mcu.externaltools.gnu-tools-for-stm32.9-2020-q2-update.linux64_1.5.0.202011040924/tools/bin/../lib/gcc/arm-none-eabi/9.3.1/../../../../arm-none-eabi/lib/thumb/v7e-m+fp/hard/libnosys.a
END GROUP
START GROUP
LOAD /opt/st/stm32cubeide_1.6.0/plugins/com.st.stm32cube.ide.mcu.externaltools.gnu-tools-for-stm32.9-2020-q2-update.linux64_1.5.0.202011040924/tools/bin/../lib/gcc/arm-none-eabi/9.3.1/thumb/v7e-m+fp/hard/libgcc.a
LOAD /opt/st/stm32cubeide_1.6.0/plugins/com.st.stm32cube.ide.mcu.externaltools.gnu-tools-for-stm32.9-2020-q2-update.linux64_1.5.0.202011040924/tools/bin/../lib/gcc/arm-none-eabi/9.3.1/../../../../arm-none-eabi/lib/thumb/v7e-m+fp/hard/libc_nano.a
LOAD /opt/st/stm32cubeide_1.6.0/plugins/com.st.stm32cube.ide.mcu.externaltools.gnu-tools-for-stm32.9-2020-q2-update.linux64_1.5.0.202011040924/tools/bin/../lib/gcc/arm-none-eabi/9.3.1/../../../../arm-none-eabi/lib/thumb/v7e-m+fp/hard/libnosys.a
END GROUP
LOAD /opt/st/stm32cubeide_1.6.0/plugins/com.st.stm32cube.ide.mcu.externaltools.gnu-tools-for-stm32.9-2020-q2-update.linux64_1.5.0.202011040924/tools/bin/../lib/gcc/arm-none-eabi/9.3.1/thumb/v7e-m+fp/hard/crtend.o
LOAD /opt/st/stm32cubeide_1.6.0/plugins/com.st.stm32cube.ide.mcu.externaltools.gnu-tools-for-stm32.9-2020-q2-update.linux64_1.5.0.202011040924/tools/bin/../lib/gcc/arm-none-eabi/9.3.1/thumb/v7e-m+fp/hard/crtn.o
                0x0000000020018000                _estack = (ORIGIN (RAM) + LENGTH (RAM))
                0x0000000000000200                _Min_Heap_Size = 0x200
                0x0000000000000400                _Min_Stack_Size = 0x400

.isr_vector     0x0000000008000000      0x188
                0x0000000008000000                . = ALIGN (0x4)
 *(.isr_vector)
 .isr_vector    0x0000000008000000      0x188 Core/Startup/startup_stm32l476rgtx.o
                0x0000000008000000                g_pfnVectors
                0x0000000008000188                . = ALIGN (0x4)

.text           0x0000000008000188     0x3ef4
                0x0000000008000188                . = ALIGN (0x4)
 *(.text)
 .text          0x0000000008000188       0x40 /opt/st/stm32cubeide_1.6.0/plugins/com.st.stm32cube.ide.mcu.externaltools.gnu-tools-for-stm32.9-2020-q2-update.linux64_1.5.0.202011040924/tools/bin/../lib/gcc/arm-none-eabi/9.3.1/thumb/v7e-m+fp/hard/crtbegin.o
 .text          0x00000000080001c8       0x30 /opt/st/stm32cubeide_1.6.0/plugins/com.st.stm32cube.ide.mcu.externaltools.gnu-tools-for-stm32.9-2020-q2-update.linux64_1.5.0.202011040924/tools/bin/../lib/gcc/arm-none-eabi/9.3.1/thumb/v7e-m+fp/hard/libgcc.a(_aeabi_uldivmod.o)
                0x00000000080001c8                __aeabi_uldivmod
 .text          0x00000000080001f8      0x2c4 /opt/st/stm32cubeide_1.6.0/plugins/com.st.stm32cube.ide.mcu.externaltools.gnu-tools-for-stm32.9-2020-q2-update.linux64_1.5.0.202011040924/tools/bin/../lib/gcc/arm-none-eabi/9.3.1/thumb/v7e-m+fp/hard/libgcc.a(_udivmoddi4.o)
                0x00000000080001f8                __udivmoddi4
 .text          0x00000000080004bc        0x4 /opt/st/stm32cubeide_1.6.0/plugins/com.st.stm32cube.ide.mcu.externaltools.gnu-tools-for-stm32.9-2020-q2-update.linux64_1.5.0.202011040924/tools/bin/../lib/gcc/arm-none-eabi/9.3.1/thumb/v7e-m+fp/hard/libgcc.a(_dvmd_tls.o)
                0x00000000080004bc                __aeabi_ldiv0
                0x00000000080004bc                __aeabi_idiv0
 *(.text*)
 .text.MX_GPIO_Init
                0x00000000080004c0      0x124 Core/Src/gpio.o
                0x00000000080004c0                MX_GPIO_Init
 .text.main     0x00000000080005e4       0x50 Core/Src/main.o
                0x00000000080005e4                main
 .text.SystemClock_Config
                0x0000000008000634       0xfa Core/Src/main.o
                0x0000000008000634                SystemClock_Config
 .text.HAL_GPIO_EXTI_Callback
                0x000000000800072e       0x24 Core/Src/main.o
                0x000000000800072e                HAL_GPIO_EXTI_Callback
 .text.Error_Handler
                0x0000000008000752        0xa Core/Src/main.o
                0x0000000008000752                Error_Handler
 .text.MX_RTC_Init
                0x000000000800075c       0xcc Core/Src/rtc.o
                0x000000000800075c                MX_RTC_Init
 .text.HAL_RTC_MspInit
                0x0000000008000828       0x44 Core/Src/rtc.o
                0x0000000008000828                HAL_RTC_MspInit
 .text.MX_SPI2_Init
                0x000000000800086c       0x7c Core/Src/spi.o
                0x000000000800086c                MX_SPI2_Init
 .text.HAL_SPI_MspInit
                0x00000000080008e8       0xc4 Core/Src/spi.o
                0x00000000080008e8                HAL_SPI_MspInit
 .text.HAL_MspInit
                0x00000000080009ac       0x48 Core/Src/stm32l4xx_hal_msp.o
                0x00000000080009ac                HAL_MspInit
 .text.NMI_Handler
                0x00000000080009f4        0x6 Core/Src/stm32l4xx_it.o
                0x00000000080009f4                NMI_Handler
 .text.HardFault_Handler
                0x00000000080009fa        0x6 Core/Src/stm32l4xx_it.o
                0x00000000080009fa                HardFault_Handler
 .text.MemManage_Handler
                0x0000000008000a00        0x6 Core/Src/stm32l4xx_it.o
                0x0000000008000a00                MemManage_Handler
 .text.BusFault_Handler
                0x0000000008000a06        0x6 Core/Src/stm32l4xx_it.o
                0x0000000008000a06                BusFault_Handler
 .text.UsageFault_Handler
                0x0000000008000a0c        0x6 Core/Src/stm32l4xx_it.o
                0x0000000008000a0c                UsageFault_Handler
 .text.SVC_Handler
                0x0000000008000a12        0xe Core/Src/stm32l4xx_it.o
                0x0000000008000a12                SVC_Handler
 .text.DebugMon_Handler
                0x0000000008000a20        0xe Core/Src/stm32l4xx_it.o
                0x0000000008000a20                DebugMon_Handler
 .text.PendSV_Handler
                0x0000000008000a2e        0xe Core/Src/stm32l4xx_it.o
                0x0000000008000a2e                PendSV_Handler
 .text.SysTick_Handler
                0x0000000008000a3c        0xc Core/Src/stm32l4xx_it.o
                0x0000000008000a3c                SysTick_Handler
 .text.RTC_WKUP_IRQHandler
                0x0000000008000a48       0x14 Core/Src/stm32l4xx_it.o
                0x0000000008000a48                RTC_WKUP_IRQHandler
 .text.EXTI4_IRQHandler
                0x0000000008000a5c        0xe Core/Src/stm32l4xx_it.o
                0x0000000008000a5c                EXTI4_IRQHandler
 *fill*         0x0000000008000a6a        0x2 
 .text.TIM1_UP_TIM16_IRQHandler
                0x0000000008000a6c       0x14 Core/Src/stm32l4xx_it.o
                0x0000000008000a6c                TIM1_UP_TIM16_IRQHandler
 .text.EXTI15_10_IRQHandler
                0x0000000008000a80       0x10 Core/Src/stm32l4xx_it.o
                0x0000000008000a80                EXTI15_10_IRQHandler
 .text.SystemInit
                0x0000000008000a90       0x64 Core/Src/system_stm32l4xx.o
                0x0000000008000a90                SystemInit
 .text.MX_TIM16_Init
                0x0000000008000af4       0x4c Core/Src/tim.o
                0x0000000008000af4                MX_TIM16_Init
 .text.HAL_TIM_Base_MspInit
                0x0000000008000b40       0x4c Core/Src/tim.o
                0x0000000008000b40                HAL_TIM_Base_MspInit
 .text.MX_USART2_UART_Init
                0x0000000008000b8c       0x60 Core/Src/usart.o
                0x0000000008000b8c                MX_USART2_UART_Init
 .text.HAL_UART_MspInit
                0x0000000008000bec       0x84 Core/Src/usart.o
                0x0000000008000bec                HAL_UART_MspInit
 .text.Reset_Handler
                0x0000000008000c70       0x50 Core/Startup/startup_stm32l476rgtx.o
                0x0000000008000c70                Reset_Handler
 .text.Default_Handler
                0x0000000008000cc0        0x2 Core/Startup/startup_stm32l476rgtx.o
                0x0000000008000cc0                RTC_Alarm_IRQHandler
                0x0000000008000cc0                EXTI2_IRQHandler
                0x0000000008000cc0                TIM8_TRG_COM_IRQHandler
                0x0000000008000cc0                TIM8_CC_IRQHandler
                0x0000000008000cc0                TIM1_CC_IRQHandler
                0x0000000008000cc0                TSC_IRQHandler
                0x0000000008000cc0                TAMP_STAMP_IRQHandler
                0x0000000008000cc0                EXTI3_IRQHandler
                0x0000000008000cc0                LPTIM2_IRQHandler
                0x0000000008000cc0                DFSDM1_FLT1_IRQHandler
                0x0000000008000cc0                I2C3_ER_IRQHandler
                0x0000000008000cc0                DFSDM1_FLT2_IRQHandler
                0x0000000008000cc0                EXTI0_IRQHandler
                0x0000000008000cc0                I2C2_EV_IRQHandler
                0x0000000008000cc0                CAN1_RX0_IRQHandler
                0x0000000008000cc0                FPU_IRQHandler
                0x0000000008000cc0                ADC1_2_IRQHandler
                0x0000000008000cc0                SPI1_IRQHandler
                0x0000000008000cc0                TIM6_DAC_IRQHandler
                0x0000000008000cc0                TIM8_UP_IRQHandler
                0x0000000008000cc0                DMA2_Channel2_IRQHandler
                0x0000000008000cc0                DMA1_Channel4_IRQHandler
                0x0000000008000cc0                SAI2_IRQHandler
                0x0000000008000cc0                DFSDM1_FLT3_IRQHandler
                0x0000000008000cc0                USART3_IRQHandler
                0x0000000008000cc0                DMA1_Channel7_IRQHandler
                0x0000000008000cc0                CAN1_RX1_IRQHandler
                0x0000000008000cc0                LCD_IRQHandler
                0x0000000008000cc0                UART5_IRQHandler
                0x0000000008000cc0                ADC3_IRQHandler
                0x0000000008000cc0                TIM4_IRQHandler
                0x0000000008000cc0                DMA2_Channel1_IRQHandler
                0x0000000008000cc0                QUADSPI_IRQHandler
                0x0000000008000cc0                I2C1_EV_IRQHandler
                0x0000000008000cc0                DMA1_Channel6_IRQHandler
                0x0000000008000cc0                UART4_IRQHandler
                0x0000000008000cc0                DMA2_Channel4_IRQHandler
                0x0000000008000cc0                TIM3_IRQHandler
                0x0000000008000cc0                RCC_IRQHandler
                0x0000000008000cc0                DMA1_Channel1_IRQHandler
                0x0000000008000cc0                Default_Handler
                0x0000000008000cc0                DMA2_Channel7_IRQHandler
                0x0000000008000cc0                TIM7_IRQHandler
                0x0000000008000cc0                SDMMC1_IRQHandler
                0x0000000008000cc0                TIM5_IRQHandler
                0x0000000008000cc0                I2C3_EV_IRQHandler
                0x0000000008000cc0                EXTI9_5_IRQHandler
                0x0000000008000cc0                PVD_PVM_IRQHandler
                0x0000000008000cc0                SPI2_IRQHandler
                0x0000000008000cc0                CAN1_TX_IRQHandler
                0x0000000008000cc0                DMA2_Channel5_IRQHandler
                0x0000000008000cc0                DMA1_Channel5_IRQHandler
                0x0000000008000cc0                RNG_IRQHandler
                0x0000000008000cc0                TIM1_TRG_COM_TIM17_IRQHandler
                0x0000000008000cc0                DMA1_Channel3_IRQHandler
                0x0000000008000cc0                COMP_IRQHandler
                0x0000000008000cc0                WWDG_IRQHandler
                0x0000000008000cc0                LPUART1_IRQHandler
                0x0000000008000cc0                DMA2_Channel6_IRQHandler
                0x0000000008000cc0                TIM2_IRQHandler
                0x0000000008000cc0                EXTI1_IRQHandler
                0x0000000008000cc0                USART2_IRQHandler
                0x0000000008000cc0                DFSDM1_FLT0_IRQHandler
                0x0000000008000cc0                I2C2_ER_IRQHandler
                0x0000000008000cc0                DMA1_Channel2_IRQHandler
                0x0000000008000cc0                TIM8_BRK_IRQHandler
                0x0000000008000cc0                CAN1_SCE_IRQHandler
                0x0000000008000cc0                FLASH_IRQHandler
                0x0000000008000cc0                USART1_IRQHandler
                0x0000000008000cc0                OTG_FS_IRQHandler
                0x0000000008000cc0                SPI3_IRQHandler
                0x0000000008000cc0                I2C1_ER_IRQHandler
                0x0000000008000cc0                FMC_IRQHandler
                0x0000000008000cc0                SWPMI1_IRQHandler
                0x0000000008000cc0                LPTIM1_IRQHandler
                0x0000000008000cc0                SAI1_IRQHandler
                0x0000000008000cc0                DMA2_Channel3_IRQHandler
                0x0000000008000cc0                TIM1_BRK_TIM15_IRQHandler
 *fill*         0x0000000008000cc2        0x2 
 .text.HAL_Init
                0x0000000008000cc4       0x40 Drivers/STM32L4xx_HAL_Driver/Src/stm32l4xx_hal.o
                0x0000000008000cc4                HAL_Init
 .text.HAL_InitTick
                0x0000000008000d04       0x78 Drivers/STM32L4xx_HAL_Driver/Src/stm32l4xx_hal.o
                0x0000000008000d04                HAL_InitTick
 .text.HAL_IncTick
                0x0000000008000d7c       0x28 Drivers/STM32L4xx_HAL_Driver/Src/stm32l4xx_hal.o
                0x0000000008000d7c                HAL_IncTick
 .text.HAL_GetTick
                0x0000000008000da4       0x18 Drivers/STM32L4xx_HAL_Driver/Src/stm32l4xx_hal.o
                0x0000000008000da4                HAL_GetTick
 .text.HAL_Delay
                0x0000000008000dbc       0x48 Drivers/STM32L4xx_HAL_Driver/Src/stm32l4xx_hal.o
                0x0000000008000dbc                HAL_Delay
 .text.__NVIC_SetPriorityGrouping
                0x0000000008000e04       0x48 Drivers/STM32L4xx_HAL_Driver/Src/stm32l4xx_hal_cortex.o
 .text.__NVIC_GetPriorityGrouping
                0x0000000008000e4c       0x1c Drivers/STM32L4xx_HAL_Driver/Src/stm32l4xx_hal_cortex.o
 .text.__NVIC_EnableIRQ
                0x0000000008000e68       0x3c Drivers/STM32L4xx_HAL_Driver/Src/stm32l4xx_hal_cortex.o
 .text.__NVIC_SetPriority
                0x0000000008000ea4       0x54 Drivers/STM32L4xx_HAL_Driver/Src/stm32l4xx_hal_cortex.o
 .text.NVIC_EncodePriority
                0x0000000008000ef8       0x66 Drivers/STM32L4xx_HAL_Driver/Src/stm32l4xx_hal_cortex.o
 *fill*         0x0000000008000f5e        0x2 
 .text.SysTick_Config
                0x0000000008000f60       0x44 Drivers/STM32L4xx_HAL_Driver/Src/stm32l4xx_hal_cortex.o
 .text.HAL_NVIC_SetPriorityGrouping
                0x0000000008000fa4       0x16 Drivers/STM32L4xx_HAL_Driver/Src/stm32l4xx_hal_cortex.o
                0x0000000008000fa4                HAL_NVIC_SetPriorityGrouping
 .text.HAL_NVIC_SetPriority
                0x0000000008000fba       0x38 Drivers/STM32L4xx_HAL_Driver/Src/stm32l4xx_hal_cortex.o
                0x0000000008000fba                HAL_NVIC_SetPriority
 .text.HAL_NVIC_EnableIRQ
                0x0000000008000ff2       0x1c Drivers/STM32L4xx_HAL_Driver/Src/stm32l4xx_hal_cortex.o
                0x0000000008000ff2                HAL_NVIC_EnableIRQ
 .text.HAL_SYSTICK_Config
                0x000000000800100e       0x18 Drivers/STM32L4xx_HAL_Driver/Src/stm32l4xx_hal_cortex.o
                0x000000000800100e                HAL_SYSTICK_Config
 *fill*         0x0000000008001026        0x2 
 .text.HAL_GPIO_Init
                0x0000000008001028      0x354 Drivers/STM32L4xx_HAL_Driver/Src/stm32l4xx_hal_gpio.o
                0x0000000008001028                HAL_GPIO_Init
 .text.HAL_GPIO_WritePin
                0x000000000800137c       0x30 Drivers/STM32L4xx_HAL_Driver/Src/stm32l4xx_hal_gpio.o
                0x000000000800137c                HAL_GPIO_WritePin
 .text.HAL_GPIO_TogglePin
                0x00000000080013ac       0x34 Drivers/STM32L4xx_HAL_Driver/Src/stm32l4xx_hal_gpio.o
                0x00000000080013ac                HAL_GPIO_TogglePin
 .text.HAL_GPIO_EXTI_IRQHandler
                0x00000000080013e0       0x30 Drivers/STM32L4xx_HAL_Driver/Src/stm32l4xx_hal_gpio.o
                0x00000000080013e0                HAL_GPIO_EXTI_IRQHandler
 .text.HAL_PWREx_GetVoltageRange
                0x0000000008001410       0x1c Drivers/STM32L4xx_HAL_Driver/Src/stm32l4xx_hal_pwr_ex.o
                0x0000000008001410                HAL_PWREx_GetVoltageRange
 .text.HAL_PWREx_ControlVoltageScaling
                0x000000000800142c       0xac Drivers/STM32L4xx_HAL_Driver/Src/stm32l4xx_hal_pwr_ex.o
                0x000000000800142c                HAL_PWREx_ControlVoltageScaling
 .text.HAL_RCC_OscConfig
                0x00000000080014d8      0x7cc Drivers/STM32L4xx_HAL_Driver/Src/stm32l4xx_hal_rcc.o
                0x00000000080014d8                HAL_RCC_OscConfig
 .text.HAL_RCC_ClockConfig
                0x0000000008001ca4      0x1c4 Drivers/STM32L4xx_HAL_Driver/Src/stm32l4xx_hal_rcc.o
                0x0000000008001ca4                HAL_RCC_ClockConfig
 .text.HAL_RCC_GetSysClockFreq
                0x0000000008001e68      0x118 Drivers/STM32L4xx_HAL_Driver/Src/stm32l4xx_hal_rcc.o
                0x0000000008001e68                HAL_RCC_GetSysClockFreq
 .text.HAL_RCC_GetHCLKFreq
                0x0000000008001f80       0x18 Drivers/STM32L4xx_HAL_Driver/Src/stm32l4xx_hal_rcc.o
                0x0000000008001f80                HAL_RCC_GetHCLKFreq
 .text.HAL_RCC_GetPCLK1Freq
                0x0000000008001f98       0x2c Drivers/STM32L4xx_HAL_Driver/Src/stm32l4xx_hal_rcc.o
                0x0000000008001f98                HAL_RCC_GetPCLK1Freq
 .text.HAL_RCC_GetPCLK2Freq
                0x0000000008001fc4       0x2c Drivers/STM32L4xx_HAL_Driver/Src/stm32l4xx_hal_rcc.o
                0x0000000008001fc4                HAL_RCC_GetPCLK2Freq
 .text.RCC_SetFlashLatencyFromMSIRange
                0x0000000008001ff0       0xc0 Drivers/STM32L4xx_HAL_Driver/Src/stm32l4xx_hal_rcc.o
 .text.HAL_RCCEx_PeriphCLKConfig
                0x00000000080020b0      0x5d4 Drivers/STM32L4xx_HAL_Driver/Src/stm32l4xx_hal_rcc_ex.o
                0x00000000080020b0                HAL_RCCEx_PeriphCLKConfig
 .text.RCCEx_PLLSAI1_Config
                0x0000000008002684      0x1e8 Drivers/STM32L4xx_HAL_Driver/Src/stm32l4xx_hal_rcc_ex.o
 .text.RCCEx_PLLSAI2_Config
                0x000000000800286c      0x1bc Drivers/STM32L4xx_HAL_Driver/Src/stm32l4xx_hal_rcc_ex.o
 .text.HAL_RTC_Init
                0x0000000008002a28       0xf6 Drivers/STM32L4xx_HAL_Driver/Src/stm32l4xx_hal_rtc.o
                0x0000000008002a28                HAL_RTC_Init
 .text.HAL_RTC_SetTime
                0x0000000008002b1e      0x13a Drivers/STM32L4xx_HAL_Driver/Src/stm32l4xx_hal_rtc.o
                0x0000000008002b1e                HAL_RTC_SetTime
 .text.HAL_RTC_SetDate
                0x0000000008002c58      0x10e Drivers/STM32L4xx_HAL_Driver/Src/stm32l4xx_hal_rtc.o
                0x0000000008002c58                HAL_RTC_SetDate
 .text.HAL_RTC_WaitForSynchro
                0x0000000008002d66       0x4c Drivers/STM32L4xx_HAL_Driver/Src/stm32l4xx_hal_rtc.o
                0x0000000008002d66                HAL_RTC_WaitForSynchro
 .text.RTC_EnterInitMode
                0x0000000008002db2       0x66 Drivers/STM32L4xx_HAL_Driver/Src/stm32l4xx_hal_rtc.o
                0x0000000008002db2                RTC_EnterInitMode
 .text.RTC_ExitInitMode
                0x0000000008002e18       0x7c Drivers/STM32L4xx_HAL_Driver/Src/stm32l4xx_hal_rtc.o
                0x0000000008002e18                RTC_ExitInitMode
 .text.RTC_ByteToBcd2
                0x0000000008002e94       0x40 Drivers/STM32L4xx_HAL_Driver/Src/stm32l4xx_hal_rtc.o
                0x0000000008002e94                RTC_ByteToBcd2
 .text.HAL_RTCEx_SetWakeUpTimer_IT
                0x0000000008002ed4      0x128 Drivers/STM32L4xx_HAL_Driver/Src/stm32l4xx_hal_rtc_ex.o
                0x0000000008002ed4                HAL_RTCEx_SetWakeUpTimer_IT
 .text.HAL_RTCEx_WakeUpTimerIRQHandler
                0x0000000008002ffc       0x4c Drivers/STM32L4xx_HAL_Driver/Src/stm32l4xx_hal_rtc_ex.o
                0x0000000008002ffc                HAL_RTCEx_WakeUpTimerIRQHandler
 .text.HAL_RTCEx_WakeUpTimerEventCallback
                0x0000000008003048       0x14 Drivers/STM32L4xx_HAL_Driver/Src/stm32l4xx_hal_rtc_ex.o
                0x0000000008003048                HAL_RTCEx_WakeUpTimerEventCallback
 .text.HAL_SPI_Init
                0x000000000800305c      0x146 Drivers/STM32L4xx_HAL_Driver/Src/stm32l4xx_hal_spi.o
                0x000000000800305c                HAL_SPI_Init
 .text.HAL_TIM_Base_Init
                0x00000000080031a2       0xae Drivers/STM32L4xx_HAL_Driver/Src/stm32l4xx_hal_tim.o
                0x00000000080031a2                HAL_TIM_Base_Init
 .text.HAL_TIM_IRQHandler
                0x0000000008003250      0x23e Drivers/STM32L4xx_HAL_Driver/Src/stm32l4xx_hal_tim.o
                0x0000000008003250                HAL_TIM_IRQHandler
 .text.HAL_TIM_PeriodElapsedCallback
                0x000000000800348e       0x14 Drivers/STM32L4xx_HAL_Driver/Src/stm32l4xx_hal_tim.o
                0x000000000800348e                HAL_TIM_PeriodElapsedCallback
 .text.HAL_TIM_OC_DelayElapsedCallback
                0x00000000080034a2       0x14 Drivers/STM32L4xx_HAL_Driver/Src/stm32l4xx_hal_tim.o
                0x00000000080034a2                HAL_TIM_OC_DelayElapsedCallback
 .text.HAL_TIM_IC_CaptureCallback
                0x00000000080034b6       0x14 Drivers/STM32L4xx_HAL_Driver/Src/stm32l4xx_hal_tim.o
                0x00000000080034b6                HAL_TIM_IC_CaptureCallback
 .text.HAL_TIM_PWM_PulseFinishedCallback
                0x00000000080034ca       0x14 Drivers/STM32L4xx_HAL_Driver/Src/stm32l4xx_hal_tim.o
                0x00000000080034ca                HAL_TIM_PWM_PulseFinishedCallback
 .text.HAL_TIM_TriggerCallback
                0x00000000080034de       0x14 Drivers/STM32L4xx_HAL_Driver/Src/stm32l4xx_hal_tim.o
                0x00000000080034de                HAL_TIM_TriggerCallback
 *fill*         0x00000000080034f2        0x2 
 .text.TIM_Base_SetConfig
                0x00000000080034f4      0x134 Drivers/STM32L4xx_HAL_Driver/Src/stm32l4xx_hal_tim.o
                0x00000000080034f4                TIM_Base_SetConfig
 .text.HAL_TIMEx_CommutCallback
                0x0000000008003628       0x14 Drivers/STM32L4xx_HAL_Driver/Src/stm32l4xx_hal_tim_ex.o
                0x0000000008003628                HAL_TIMEx_CommutCallback
 .text.HAL_TIMEx_BreakCallback
                0x000000000800363c       0x14 Drivers/STM32L4xx_HAL_Driver/Src/stm32l4xx_hal_tim_ex.o
                0x000000000800363c                HAL_TIMEx_BreakCallback
 .text.HAL_TIMEx_Break2Callback
                0x0000000008003650       0x14 Drivers/STM32L4xx_HAL_Driver/Src/stm32l4xx_hal_tim_ex.o
                0x0000000008003650                HAL_TIMEx_Break2Callback
 .text.HAL_UART_Init
                0x0000000008003664       0x9c Drivers/STM32L4xx_HAL_Driver/Src/stm32l4xx_hal_uart.o
                0x0000000008003664                HAL_UART_Init
 .text.HAL_UART_Transmit
                0x0000000008003700      0x128 Drivers/STM32L4xx_HAL_Driver/Src/stm32l4xx_hal_uart.o
                0x0000000008003700                HAL_UART_Transmit
 .text.UART_SetConfig
                0x0000000008003828      0x514 Drivers/STM32L4xx_HAL_Driver/Src/stm32l4xx_hal_uart.o
                0x0000000008003828                UART_SetConfig
 .text.UART_AdvFeatureConfig
                0x0000000008003d3c      0x144 Drivers/STM32L4xx_HAL_Driver/Src/stm32l4xx_hal_uart.o
                0x0000000008003d3c                UART_AdvFeatureConfig
 .text.UART_CheckIdleState
                0x0000000008003e80       0x92 Drivers/STM32L4xx_HAL_Driver/Src/stm32l4xx_hal_uart.o
                0x0000000008003e80                UART_CheckIdleState
 .text.UART_WaitOnFlagUntilTimeout
                0x0000000008003f12       0xf8 Drivers/STM32L4xx_HAL_Driver/Src/stm32l4xx_hal_uart.o
                0x0000000008003f12                UART_WaitOnFlagUntilTimeout
 *fill*         0x000000000800400a        0x2 
 .text.__libc_init_array
                0x000000000800400c       0x48 /opt/st/stm32cubeide_1.6.0/plugins/com.st.stm32cube.ide.mcu.externaltools.gnu-tools-for-stm32.9-2020-q2-update.linux64_1.5.0.202011040924/tools/bin/../lib/gcc/arm-none-eabi/9.3.1/../../../../arm-none-eabi/lib/thumb/v7e-m+fp/hard/libc_nano.a(lib_a-init.o)
                0x000000000800400c                __libc_init_array
 .text.memset   0x0000000008004054       0x10 /opt/st/stm32cubeide_1.6.0/plugins/com.st.stm32cube.ide.mcu.externaltools.gnu-tools-for-stm32.9-2020-q2-update.linux64_1.5.0.202011040924/tools/bin/../lib/gcc/arm-none-eabi/9.3.1/../../../../arm-none-eabi/lib/thumb/v7e-m+fp/hard/libc_nano.a(lib_a-memset.o)
                0x0000000008004054                memset
 *(.glue_7)
 .glue_7        0x0000000008004064        0x0 linker stubs
 *(.glue_7t)
 .glue_7t       0x0000000008004064        0x0 linker stubs
 *(.eh_frame)
 .eh_frame      0x0000000008004064        0x0 /opt/st/stm32cubeide_1.6.0/plugins/com.st.stm32cube.ide.mcu.externaltools.gnu-tools-for-stm32.9-2020-q2-update.linux64_1.5.0.202011040924/tools/bin/../lib/gcc/arm-none-eabi/9.3.1/thumb/v7e-m+fp/hard/crtbegin.o
 *(.init)
 .init          0x0000000008004064        0x4 /opt/st/stm32cubeide_1.6.0/plugins/com.st.stm32cube.ide.mcu.externaltools.gnu-tools-for-stm32.9-2020-q2-update.linux64_1.5.0.202011040924/tools/bin/../lib/gcc/arm-none-eabi/9.3.1/thumb/v7e-m+fp/hard/crti.o
                0x0000000008004064                _init
 .init          0x0000000008004068        0x8 /opt/st/stm32cubeide_1.6.0/plugins/com.st.stm32cube.ide.mcu.externaltools.gnu-tools-for-stm32.9-2020-q2-update.linux64_1.5.0.202011040924/tools/bin/../lib/gcc/arm-none-eabi/9.3.1/thumb/v7e-m+fp/hard/crtn.o
 *(.fini)
 .fini          0x0000000008004070        0x4 /opt/st/stm32cubeide_1.6.0/plugins/com.st.stm32cube.ide.mcu.externaltools.gnu-tools-for-stm32.9-2020-q2-update.linux64_1.5.0.202011040924/tools/bin/../lib/gcc/arm-none-eabi/9.3.1/thumb/v7e-m+fp/hard/crti.o
                0x0000000008004070                _fini
 .fini          0x0000000008004074        0x8 /opt/st/stm32cubeide_1.6.0/plugins/com.st.stm32cube.ide.mcu.externaltools.gnu-tools-for-stm32.9-2020-q2-update.linux64_1.5.0.202011040924/tools/bin/../lib/gcc/arm-none-eabi/9.3.1/thumb/v7e-m+fp/hard/crtn.o
                0x000000000800407c                . = ALIGN (0x4)
                0x000000000800407c                _etext = .

.vfp11_veneer   0x000000000800407c        0x0
 .vfp11_veneer  0x000000000800407c        0x0 linker stubs

.v4_bx          0x000000000800407c        0x0
 .v4_bx         0x000000000800407c        0x0 linker stubs

.iplt           0x000000000800407c        0x0
 .iplt          0x000000000800407c        0x0 /opt/st/stm32cubeide_1.6.0/plugins/com.st.stm32cube.ide.mcu.externaltools.gnu-tools-for-stm32.9-2020-q2-update.linux64_1.5.0.202011040924/tools/bin/../lib/gcc/arm-none-eabi/9.3.1/thumb/v7e-m+fp/hard/crtbegin.o

.rodata         0x000000000800407c       0x50
                0x000000000800407c                . = ALIGN (0x4)
 *(.rodata)
 .rodata        0x000000000800407c        0x5 Core/Src/main.o
 *(.rodata*)
 *fill*         0x0000000008004081        0x3 
 .rodata.AHBPrescTable
                0x0000000008004084       0x10 Core/Src/system_stm32l4xx.o
                0x0000000008004084                AHBPrescTable
 .rodata.APBPrescTable
                0x0000000008004094        0x8 Core/Src/system_stm32l4xx.o
                0x0000000008004094                APBPrescTable
 .rodata.MSIRangeTable
                0x000000000800409c       0x30 Core/Src/system_stm32l4xx.o
                0x000000000800409c                MSIRangeTable
                0x00000000080040cc                . = ALIGN (0x4)

.ARM.extab      0x00000000080040cc        0x0
                0x00000000080040cc                . = ALIGN (0x4)
 *(.ARM.extab* .gnu.linkonce.armextab.*)
                0x00000000080040cc                . = ALIGN (0x4)

.ARM            0x00000000080040cc        0x8
                0x00000000080040cc                . = ALIGN (0x4)
                0x00000000080040cc                __exidx_start = .
 *(.ARM.exidx*)
 .ARM.exidx     0x00000000080040cc        0x8 /opt/st/stm32cubeide_1.6.0/plugins/com.st.stm32cube.ide.mcu.externaltools.gnu-tools-for-stm32.9-2020-q2-update.linux64_1.5.0.202011040924/tools/bin/../lib/gcc/arm-none-eabi/9.3.1/thumb/v7e-m+fp/hard/libgcc.a(_udivmoddi4.o)
                0x00000000080040d4                __exidx_end = .
                0x00000000080040d4                . = ALIGN (0x4)

.rel.dyn        0x00000000080040d4        0x0
 .rel.iplt      0x00000000080040d4        0x0 /opt/st/stm32cubeide_1.6.0/plugins/com.st.stm32cube.ide.mcu.externaltools.gnu-tools-for-stm32.9-2020-q2-update.linux64_1.5.0.202011040924/tools/bin/../lib/gcc/arm-none-eabi/9.3.1/thumb/v7e-m+fp/hard/crtbegin.o

.preinit_array  0x00000000080040d4        0x0
                0x00000000080040d4                . = ALIGN (0x4)
                0x00000000080040d4                PROVIDE (__preinit_array_start = .)
 *(.preinit_array*)
                0x00000000080040d4                PROVIDE (__preinit_array_end = .)
                0x00000000080040d4                . = ALIGN (0x4)

.init_array     0x00000000080040d4        0x4
                0x00000000080040d4                . = ALIGN (0x4)
                0x00000000080040d4                PROVIDE (__init_array_start = .)
 *(SORT_BY_NAME(.init_array.*))
 *(.init_array*)
 .init_array    0x00000000080040d4        0x4 /opt/st/stm32cubeide_1.6.0/plugins/com.st.stm32cube.ide.mcu.externaltools.gnu-tools-for-stm32.9-2020-q2-update.linux64_1.5.0.202011040924/tools/bin/../lib/gcc/arm-none-eabi/9.3.1/thumb/v7e-m+fp/hard/crtbegin.o
                0x00000000080040d8                PROVIDE (__init_array_end = .)
                0x00000000080040d8                . = ALIGN (0x4)

.fini_array     0x00000000080040d8        0x4
                0x00000000080040d8                . = ALIGN (0x4)
                [!provide]                        PROVIDE (__fini_array_start = .)
 *(SORT_BY_NAME(.fini_array.*))
 *(.fini_array*)
 .fini_array    0x00000000080040d8        0x4 /opt/st/stm32cubeide_1.6.0/plugins/com.st.stm32cube.ide.mcu.externaltools.gnu-tools-for-stm32.9-2020-q2-update.linux64_1.5.0.202011040924/tools/bin/../lib/gcc/arm-none-eabi/9.3.1/thumb/v7e-m+fp/hard/crtbegin.o
                [!provide]                        PROVIDE (__fini_array_end = .)
                0x00000000080040dc                . = ALIGN (0x4)
                0x00000000080040dc                _sidata = LOADADDR (.data)

.data           0x0000000020000000        0xc load address 0x00000000080040dc
                0x0000000020000000                . = ALIGN (0x4)
                0x0000000020000000                _sdata = .
 *(.data)
 *(.data*)
 .data.SystemCoreClock
                0x0000000020000000        0x4 Core/Src/system_stm32l4xx.o
                0x0000000020000000                SystemCoreClock
 .data.uwTickPrio
                0x0000000020000004        0x4 Drivers/STM32L4xx_HAL_Driver/Src/stm32l4xx_hal.o
                0x0000000020000004                uwTickPrio
 .data.uwTickFreq
                0x0000000020000008        0x1 Drivers/STM32L4xx_HAL_Driver/Src/stm32l4xx_hal.o
                0x0000000020000008                uwTickFreq
 *(.RamFunc)
 *(.RamFunc*)
                0x000000002000000c                . = ALIGN (0x4)
 *fill*         0x0000000020000009        0x3 
                0x000000002000000c                _edata = .

.igot.plt       0x000000002000000c        0x0 load address 0x00000000080040e8
 .igot.plt      0x000000002000000c        0x0 /opt/st/stm32cubeide_1.6.0/plugins/com.st.stm32cube.ide.mcu.externaltools.gnu-tools-for-stm32.9-2020-q2-update.linux64_1.5.0.202011040924/tools/bin/../lib/gcc/arm-none-eabi/9.3.1/thumb/v7e-m+fp/hard/crtbegin.o
                0x000000002000000c                . = ALIGN (0x4)

.bss            0x000000002000000c      0x17c load address 0x00000000080040e8
                0x000000002000000c                _sbss = .
                0x000000002000000c                __bss_start__ = _sbss
 *(.bss)
 .bss           0x000000002000000c       0x1c /opt/st/stm32cubeide_1.6.0/plugins/com.st.stm32cube.ide.mcu.externaltools.gnu-tools-for-stm32.9-2020-q2-update.linux64_1.5.0.202011040924/tools/bin/../lib/gcc/arm-none-eabi/9.3.1/thumb/v7e-m+fp/hard/crtbegin.o
 *(.bss*)
 .bss.count     0x0000000020000028        0x4 Core/Src/main.o
                0x0000000020000028                count
 *(COMMON)
 COMMON         0x000000002000002c       0x84 Core/Src/main.o
                0x000000002000002c                huart2
 COMMON         0x00000000200000b0       0x24 Core/Src/rtc.o
                0x00000000200000b0                hrtc
 COMMON         0x00000000200000d4       0x64 Core/Src/spi.o
                0x00000000200000d4                hspi2
 COMMON         0x0000000020000138       0x4c Core/Src/tim.o
                0x0000000020000138                htim16
 COMMON         0x0000000020000184        0x4 Drivers/STM32L4xx_HAL_Driver/Src/stm32l4xx_hal.o
                0x0000000020000184                uwTick
                0x0000000020000188                . = ALIGN (0x4)
                0x0000000020000188                _ebss = .
                0x0000000020000188                __bss_end__ = _ebss

._user_heap_stack
                0x0000000020000188      0x600 load address 0x00000000080040e8
                0x0000000020000188                . = ALIGN (0x8)
                [!provide]                        PROVIDE (end = .)
                0x0000000020000188                PROVIDE (_end = .)
                0x0000000020000388                . = (. + _Min_Heap_Size)
 *fill*         0x0000000020000188      0x200 
                0x0000000020000788                . = (. + _Min_Stack_Size)
 *fill*         0x0000000020000388      0x400 
                0x0000000020000788                . = ALIGN (0x8)

/DISCARD/
 libc.a(*)
 libm.a(*)
 libgcc.a(*)

.ARM.attributes
                0x0000000000000000       0x30
 *(.ARM.attributes)
 .ARM.attributes
                0x0000000000000000       0x1e /opt/st/stm32cubeide_1.6.0/plugins/com.st.stm32cube.ide.mcu.externaltools.gnu-tools-for-stm32.9-2020-q2-update.linux64_1.5.0.202011040924/tools/bin/../lib/gcc/arm-none-eabi/9.3.1/thumb/v7e-m+fp/hard/crti.o
 .ARM.attributes
                0x000000000000001e       0x34 /opt/st/stm32cubeide_1.6.0/plugins/com.st.stm32cube.ide.mcu.externaltools.gnu-tools-for-stm32.9-2020-q2-update.linux64_1.5.0.202011040924/tools/bin/../lib/gcc/arm-none-eabi/9.3.1/thumb/v7e-m+fp/hard/crtbegin.o
 .ARM.attributes
                0x0000000000000052       0x34 Core/Src/gpio.o
 .ARM.attributes
                0x0000000000000086       0x34 Core/Src/main.o
 .ARM.attributes
                0x00000000000000ba       0x34 Core/Src/rtc.o
 .ARM.attributes
                0x00000000000000ee       0x34 Core/Src/spi.o
 .ARM.attributes
                0x0000000000000122       0x34 Core/Src/stm32l4xx_hal_msp.o
 .ARM.attributes
                0x0000000000000156       0x34 Core/Src/stm32l4xx_it.o
 .ARM.attributes
                0x000000000000018a       0x34 Core/Src/system_stm32l4xx.o
 .ARM.attributes
                0x00000000000001be       0x34 Core/Src/tim.o
 .ARM.attributes
                0x00000000000001f2       0x34 Core/Src/usart.o
 .ARM.attributes
                0x0000000000000226       0x21 Core/Startup/startup_stm32l476rgtx.o
 .ARM.attributes
                0x0000000000000247       0x34 Drivers/STM32L4xx_HAL_Driver/Src/stm32l4xx_hal.o
 .ARM.attributes
                0x000000000000027b       0x34 Drivers/STM32L4xx_HAL_Driver/Src/stm32l4xx_hal_cortex.o
 .ARM.attributes
                0x00000000000002af       0x34 Drivers/STM32L4xx_HAL_Driver/Src/stm32l4xx_hal_gpio.o
 .ARM.attributes
                0x00000000000002e3       0x34 Drivers/STM32L4xx_HAL_Driver/Src/stm32l4xx_hal_pwr_ex.o
 .ARM.attributes
                0x0000000000000317       0x34 Drivers/STM32L4xx_HAL_Driver/Src/stm32l4xx_hal_rcc.o
 .ARM.attributes
                0x000000000000034b       0x34 Drivers/STM32L4xx_HAL_Driver/Src/stm32l4xx_hal_rcc_ex.o
 .ARM.attributes
                0x000000000000037f       0x34 Drivers/STM32L4xx_HAL_Driver/Src/stm32l4xx_hal_rtc.o
 .ARM.attributes
                0x00000000000003b3       0x34 Drivers/STM32L4xx_HAL_Driver/Src/stm32l4xx_hal_rtc_ex.o
 .ARM.attributes
                0x00000000000003e7       0x34 Drivers/STM32L4xx_HAL_Driver/Src/stm32l4xx_hal_spi.o
 .ARM.attributes
                0x000000000000041b       0x34 Drivers/STM32L4xx_HAL_Driver/Src/stm32l4xx_hal_tim.o
 .ARM.attributes
                0x000000000000044f       0x34 Drivers/STM32L4xx_HAL_Driver/Src/stm32l4xx_hal_tim_ex.o
 .ARM.attributes
                0x0000000000000483       0x34 Drivers/STM32L4xx_HAL_Driver/Src/stm32l4xx_hal_uart.o
 .ARM.attributes
                0x00000000000004b7       0x34 /opt/st/stm32cubeide_1.6.0/plugins/com.st.stm32cube.ide.mcu.externaltools.gnu-tools-for-stm32.9-2020-q2-update.linux64_1.5.0.202011040924/tools/bin/../lib/gcc/arm-none-eabi/9.3.1/../../../../arm-none-eabi/lib/thumb/v7e-m+fp/hard/libc_nano.a(lib_a-init.o)
 .ARM.attributes
                0x00000000000004eb       0x34 /opt/st/stm32cubeide_1.6.0/plugins/com.st.stm32cube.ide.mcu.externaltools.gnu-tools-for-stm32.9-2020-q2-update.linux64_1.5.0.202011040924/tools/bin/../lib/gcc/arm-none-eabi/9.3.1/../../../../arm-none-eabi/lib/thumb/v7e-m+fp/hard/libc_nano.a(lib_a-memset.o)
 .ARM.attributes
                0x000000000000051f       0x1e /opt/st/stm32cubeide_1.6.0/plugins/com.st.stm32cube.ide.mcu.externaltools.gnu-tools-for-stm32.9-2020-q2-update.linux64_1.5.0.202011040924/tools/bin/../lib/gcc/arm-none-eabi/9.3.1/thumb/v7e-m+fp/hard/libgcc.a(_aeabi_uldivmod.o)
 .ARM.attributes
                0x000000000000053d       0x34 /opt/st/stm32cubeide_1.6.0/plugins/com.st.stm32cube.ide.mcu.externaltools.gnu-tools-for-stm32.9-2020-q2-update.linux64_1.5.0.202011040924/tools/bin/../lib/gcc/arm-none-eabi/9.3.1/thumb/v7e-m+fp/hard/libgcc.a(_udivmoddi4.o)
 .ARM.attributes
                0x0000000000000571       0x1e /opt/st/stm32cubeide_1.6.0/plugins/com.st.stm32cube.ide.mcu.externaltools.gnu-tools-for-stm32.9-2020-q2-update.linux64_1.5.0.202011040924/tools/bin/../lib/gcc/arm-none-eabi/9.3.1/thumb/v7e-m+fp/hard/libgcc.a(_dvmd_tls.o)
 .ARM.attributes
                0x000000000000058f       0x1e /opt/st/stm32cubeide_1.6.0/plugins/com.st.stm32cube.ide.mcu.externaltools.gnu-tools-for-stm32.9-2020-q2-update.linux64_1.5.0.202011040924/tools/bin/../lib/gcc/arm-none-eabi/9.3.1/thumb/v7e-m+fp/hard/crtn.o
OUTPUT(test1.elf elf32-littlearm)
LOAD linker stubs
LOAD /opt/st/stm32cubeide_1.6.0/plugins/com.st.stm32cube.ide.mcu.externaltools.gnu-tools-for-stm32.9-2020-q2-update.linux64_1.5.0.202011040924/tools/bin/../lib/gcc/arm-none-eabi/9.3.1/../../../../arm-none-eabi/lib/thumb/v7e-m+fp/hard/libc.a
LOAD /opt/st/stm32cubeide_1.6.0/plugins/com.st.stm32cube.ide.mcu.externaltools.gnu-tools-for-stm32.9-2020-q2-update.linux64_1.5.0.202011040924/tools/bin/../lib/gcc/arm-none-eabi/9.3.1/../../../../arm-none-eabi/lib/thumb/v7e-m+fp/hard/libm.a
LOAD /opt/st/stm32cubeide_1.6.0/plugins/com.st.stm32cube.ide.mcu.externaltools.gnu-tools-for-stm32.9-2020-q2-update.linux64_1.5.0.202011040924/tools/bin/../lib/gcc/arm-none-eabi/9.3.1/thumb/v7e-m+fp/hard/libgcc.a

.debug_info     0x0000000000000000    0x15c85
 .debug_info    0x0000000000000000      0x90a Core/Src/gpio.o
 .debug_info    0x000000000000090a     0x17fd Core/Src/main.o
 .debug_info    0x0000000000002107      0xc9e Core/Src/rtc.o
 .debug_info    0x0000000000002da5      0xbed Core/Src/spi.o
 .debug_info    0x0000000000003992      0x545 Core/Src/stm32l4xx_hal_msp.o
 .debug_info    0x0000000000003ed7      0xd9d Core/Src/stm32l4xx_it.o
 .debug_info    0x0000000000004c74      0x779 Core/Src/system_stm32l4xx.o
 .debug_info    0x00000000000053ed      0xdac Core/Src/tim.o
 .debug_info    0x0000000000006199      0xc95 Core/Src/usart.o
 .debug_info    0x0000000000006e2e       0x22 Core/Startup/startup_stm32l476rgtx.o
 .debug_info    0x0000000000006e50      0xddb Drivers/STM32L4xx_HAL_Driver/Src/stm32l4xx_hal.o
 .debug_info    0x0000000000007c2b     0x102e Drivers/STM32L4xx_HAL_Driver/Src/stm32l4xx_hal_cortex.o
 .debug_info    0x0000000000008c59      0xa5f Drivers/STM32L4xx_HAL_Driver/Src/stm32l4xx_hal_gpio.o
 .debug_info    0x00000000000096b8      0xbda Drivers/STM32L4xx_HAL_Driver/Src/stm32l4xx_hal_pwr_ex.o
 .debug_info    0x000000000000a292      0xe0b Drivers/STM32L4xx_HAL_Driver/Src/stm32l4xx_hal_rcc.o
 .debug_info    0x000000000000b09d     0x103f Drivers/STM32L4xx_HAL_Driver/Src/stm32l4xx_hal_rcc_ex.o
 .debug_info    0x000000000000c0dc     0x1085 Drivers/STM32L4xx_HAL_Driver/Src/stm32l4xx_hal_rtc.o
 .debug_info    0x000000000000d161     0x129d Drivers/STM32L4xx_HAL_Driver/Src/stm32l4xx_hal_rtc_ex.o
 .debug_info    0x000000000000e3fe     0x18f8 Drivers/STM32L4xx_HAL_Driver/Src/stm32l4xx_hal_spi.o
 .debug_info    0x000000000000fcf6     0x2cb9 Drivers/STM32L4xx_HAL_Driver/Src/stm32l4xx_hal_tim.o
 .debug_info    0x00000000000129af     0x1813 Drivers/STM32L4xx_HAL_Driver/Src/stm32l4xx_hal_tim_ex.o
 .debug_info    0x00000000000141c2     0x1ac3 Drivers/STM32L4xx_HAL_Driver/Src/stm32l4xx_hal_uart.o

.debug_abbrev   0x0000000000000000     0x29b2
 .debug_abbrev  0x0000000000000000      0x157 Core/Src/gpio.o
 .debug_abbrev  0x0000000000000157      0x20d Core/Src/main.o
 .debug_abbrev  0x0000000000000364      0x177 Core/Src/rtc.o
 .debug_abbrev  0x00000000000004db      0x1bb Core/Src/spi.o
 .debug_abbrev  0x0000000000000696      0x13d Core/Src/stm32l4xx_hal_msp.o
 .debug_abbrev  0x00000000000007d3      0x176 Core/Src/stm32l4xx_it.o
 .debug_abbrev  0x0000000000000949      0x165 Core/Src/system_stm32l4xx.o
 .debug_abbrev  0x0000000000000aae      0x1bb Core/Src/tim.o
 .debug_abbrev  0x0000000000000c69      0x1bb Core/Src/usart.o
 .debug_abbrev  0x0000000000000e24       0x12 Core/Startup/startup_stm32l476rgtx.o
 .debug_abbrev  0x0000000000000e36      0x227 Drivers/STM32L4xx_HAL_Driver/Src/stm32l4xx_hal.o
 .debug_abbrev  0x000000000000105d      0x33c Drivers/STM32L4xx_HAL_Driver/Src/stm32l4xx_hal_cortex.o
 .debug_abbrev  0x0000000000001399      0x1e8 Drivers/STM32L4xx_HAL_Driver/Src/stm32l4xx_hal_gpio.o
 .debug_abbrev  0x0000000000001581      0x1f3 Drivers/STM32L4xx_HAL_Driver/Src/stm32l4xx_hal_pwr_ex.o
 .debug_abbrev  0x0000000000001774      0x275 Drivers/STM32L4xx_HAL_Driver/Src/stm32l4xx_hal_rcc.o
 .debug_abbrev  0x00000000000019e9      0x268 Drivers/STM32L4xx_HAL_Driver/Src/stm32l4xx_hal_rcc_ex.o
 .debug_abbrev  0x0000000000001c51      0x200 Drivers/STM32L4xx_HAL_Driver/Src/stm32l4xx_hal_rtc.o
 .debug_abbrev  0x0000000000001e51      0x20a Drivers/STM32L4xx_HAL_Driver/Src/stm32l4xx_hal_rtc_ex.o
 .debug_abbrev  0x000000000000205b      0x254 Drivers/STM32L4xx_HAL_Driver/Src/stm32l4xx_hal_spi.o
 .debug_abbrev  0x00000000000022af      0x25e Drivers/STM32L4xx_HAL_Driver/Src/stm32l4xx_hal_tim.o
 .debug_abbrev  0x000000000000250d      0x266 Drivers/STM32L4xx_HAL_Driver/Src/stm32l4xx_hal_tim_ex.o
 .debug_abbrev  0x0000000000002773      0x23f Drivers/STM32L4xx_HAL_Driver/Src/stm32l4xx_hal_uart.o

.debug_aranges  0x0000000000000000     0x12c8
 .debug_aranges
                0x0000000000000000       0x20 Core/Src/gpio.o
 .debug_aranges
                0x0000000000000020       0x38 Core/Src/main.o
 .debug_aranges
                0x0000000000000058       0x30 Core/Src/rtc.o
 .debug_aranges
                0x0000000000000088       0x30 Core/Src/spi.o
 .debug_aranges
                0x00000000000000b8       0x20 Core/Src/stm32l4xx_hal_msp.o
 .debug_aranges
                0x00000000000000d8       0x80 Core/Src/stm32l4xx_it.o
 .debug_aranges
                0x0000000000000158       0x28 Core/Src/system_stm32l4xx.o
 .debug_aranges
                0x0000000000000180       0x30 Core/Src/tim.o
 .debug_aranges
                0x00000000000001b0       0x30 Core/Src/usart.o
 .debug_aranges
                0x00000000000001e0       0x28 Core/Startup/startup_stm32l476rgtx.o
 .debug_aranges
                0x0000000000000208      0x130 Drivers/STM32L4xx_HAL_Driver/Src/stm32l4xx_hal.o
 .debug_aranges
                0x0000000000000338      0x118 Drivers/STM32L4xx_HAL_Driver/Src/stm32l4xx_hal_cortex.o
 .debug_aranges
                0x0000000000000450       0x58 Drivers/STM32L4xx_HAL_Driver/Src/stm32l4xx_hal_gpio.o
 .debug_aranges
                0x00000000000004a8      0x150 Drivers/STM32L4xx_HAL_Driver/Src/stm32l4xx_hal_pwr_ex.o
 .debug_aranges
                0x00000000000005f8       0x88 Drivers/STM32L4xx_HAL_Driver/Src/stm32l4xx_hal_rcc.o
 .debug_aranges
                0x0000000000000680       0xc0 Drivers/STM32L4xx_HAL_Driver/Src/stm32l4xx_hal_rcc_ex.o
 .debug_aranges
                0x0000000000000740       0xe8 Drivers/STM32L4xx_HAL_Driver/Src/stm32l4xx_hal_rtc.o
 .debug_aranges
                0x0000000000000828      0x140 Drivers/STM32L4xx_HAL_Driver/Src/stm32l4xx_hal_rtc_ex.o
 .debug_aranges
                0x0000000000000968      0x1d8 Drivers/STM32L4xx_HAL_Driver/Src/stm32l4xx_hal_spi.o
 .debug_aranges
                0x0000000000000b40      0x3e0 Drivers/STM32L4xx_HAL_Driver/Src/stm32l4xx_hal_tim.o
 .debug_aranges
                0x0000000000000f20      0x180 Drivers/STM32L4xx_HAL_Driver/Src/stm32l4xx_hal_tim_ex.o
 .debug_aranges
                0x00000000000010a0      0x228 Drivers/STM32L4xx_HAL_Driver/Src/stm32l4xx_hal_uart.o

.debug_ranges   0x0000000000000000     0x11a0
 .debug_ranges  0x0000000000000000       0x10 Core/Src/gpio.o
 .debug_ranges  0x0000000000000010       0x28 Core/Src/main.o
 .debug_ranges  0x0000000000000038       0x20 Core/Src/rtc.o
 .debug_ranges  0x0000000000000058       0x20 Core/Src/spi.o
 .debug_ranges  0x0000000000000078       0x10 Core/Src/stm32l4xx_hal_msp.o
 .debug_ranges  0x0000000000000088       0x70 Core/Src/stm32l4xx_it.o
 .debug_ranges  0x00000000000000f8       0x18 Core/Src/system_stm32l4xx.o
 .debug_ranges  0x0000000000000110       0x20 Core/Src/tim.o
 .debug_ranges  0x0000000000000130       0x20 Core/Src/usart.o
 .debug_ranges  0x0000000000000150       0x20 Core/Startup/startup_stm32l476rgtx.o
 .debug_ranges  0x0000000000000170      0x120 Drivers/STM32L4xx_HAL_Driver/Src/stm32l4xx_hal.o
 .debug_ranges  0x0000000000000290      0x108 Drivers/STM32L4xx_HAL_Driver/Src/stm32l4xx_hal_cortex.o
 .debug_ranges  0x0000000000000398       0x48 Drivers/STM32L4xx_HAL_Driver/Src/stm32l4xx_hal_gpio.o
 .debug_ranges  0x00000000000003e0      0x140 Drivers/STM32L4xx_HAL_Driver/Src/stm32l4xx_hal_pwr_ex.o
 .debug_ranges  0x0000000000000520       0x78 Drivers/STM32L4xx_HAL_Driver/Src/stm32l4xx_hal_rcc.o
 .debug_ranges  0x0000000000000598       0xb0 Drivers/STM32L4xx_HAL_Driver/Src/stm32l4xx_hal_rcc_ex.o
 .debug_ranges  0x0000000000000648       0xd8 Drivers/STM32L4xx_HAL_Driver/Src/stm32l4xx_hal_rtc.o
 .debug_ranges  0x0000000000000720      0x130 Drivers/STM32L4xx_HAL_Driver/Src/stm32l4xx_hal_rtc_ex.o
 .debug_ranges  0x0000000000000850      0x1c8 Drivers/STM32L4xx_HAL_Driver/Src/stm32l4xx_hal_spi.o
 .debug_ranges  0x0000000000000a18      0x3d0 Drivers/STM32L4xx_HAL_Driver/Src/stm32l4xx_hal_tim.o
 .debug_ranges  0x0000000000000de8      0x170 Drivers/STM32L4xx_HAL_Driver/Src/stm32l4xx_hal_tim_ex.o
 .debug_ranges  0x0000000000000f58      0x248 Drivers/STM32L4xx_HAL_Driver/Src/stm32l4xx_hal_uart.o

.debug_macro    0x0000000000000000    0x27f64
 .debug_macro   0x0000000000000000      0x220 Core/Src/gpio.o
 .debug_macro   0x0000000000000220      0xaa8 Core/Src/gpio.o
 .debug_macro   0x0000000000000cc8      0x1b9 Core/Src/gpio.o
 .debug_macro   0x0000000000000e81       0x2e Core/Src/gpio.o
 .debug_macro   0x0000000000000eaf       0x28 Core/Src/gpio.o
 .debug_macro   0x0000000000000ed7       0x22 Core/Src/gpio.o
 .debug_macro   0x0000000000000ef9       0x8e Core/Src/gpio.o
 .debug_macro   0x0000000000000f87       0x51 Core/Src/gpio.o
 .debug_macro   0x0000000000000fd8      0x103 Core/Src/gpio.o
 .debug_macro   0x00000000000010db       0x6a Core/Src/gpio.o
 .debug_macro   0x0000000000001145      0x1df Core/Src/gpio.o
 .debug_macro   0x0000000000001324       0x1c Core/Src/gpio.o
 .debug_macro   0x0000000000001340       0x22 Core/Src/gpio.o
 .debug_macro   0x0000000000001362      0x101 Core/Src/gpio.o
 .debug_macro   0x0000000000001463     0x1011 Core/Src/gpio.o
 .debug_macro   0x0000000000002474      0x11f Core/Src/gpio.o
 .debug_macro   0x0000000000002593    0x1a13d Core/Src/gpio.o
 .debug_macro   0x000000000001c6d0       0x43 Core/Src/gpio.o
 .debug_macro   0x000000000001c713     0x3897 Core/Src/gpio.o
 .debug_macro   0x000000000001ffaa      0x174 Core/Src/gpio.o
 .debug_macro   0x000000000002011e       0x5c Core/Src/gpio.o
 .debug_macro   0x000000000002017a     0x155f Core/Src/gpio.o
 .debug_macro   0x00000000000216d9      0x59e Core/Src/gpio.o
 .debug_macro   0x0000000000021c77      0x13d Core/Src/gpio.o
 .debug_macro   0x0000000000021db4      0x18b Core/Src/gpio.o
 .debug_macro   0x0000000000021f3f      0x26b Core/Src/gpio.o
 .debug_macro   0x00000000000221aa      0x23d Core/Src/gpio.o
 .debug_macro   0x00000000000223e7      0x241 Core/Src/gpio.o
 .debug_macro   0x0000000000022628      0x37c Core/Src/gpio.o
 .debug_macro   0x00000000000229a4       0xd6 Core/Src/gpio.o
 .debug_macro   0x0000000000022a7a      0x22c Core/Src/gpio.o
 .debug_macro   0x0000000000022ca6       0x61 Core/Src/gpio.o
 .debug_macro   0x0000000000022d07       0xa5 Core/Src/gpio.o
 .debug_macro   0x0000000000022dac      0x122 Core/Src/gpio.o
 .debug_macro   0x0000000000022ece      0x3e9 Core/Src/gpio.o
 .debug_macro   0x00000000000232b7      0x31a Core/Src/gpio.o
 .debug_macro   0x00000000000235d1      0x4fb Core/Src/gpio.o
 .debug_macro   0x0000000000023acc       0xe4 Core/Src/gpio.o
 .debug_macro   0x0000000000023bb0      0x2fe Core/Src/gpio.o
 .debug_macro   0x0000000000023eae      0xa75 Core/Src/gpio.o
 .debug_macro   0x0000000000024923      0x1e7 Core/Src/gpio.o
 .debug_macro   0x0000000000024b0a      0x5ba Core/Src/gpio.o
 .debug_macro   0x00000000000250c4       0x44 Core/Src/gpio.o
 .debug_macro   0x0000000000025108      0x331 Core/Src/gpio.o
 .debug_macro   0x0000000000025439       0x70 Core/Src/gpio.o
 .debug_macro   0x00000000000254a9      0x24c Core/Src/main.o
 .debug_macro   0x00000000000256f5      0x220 Core/Src/rtc.o
 .debug_macro   0x0000000000025915      0x220 Core/Src/spi.o
 .debug_macro   0x0000000000025b35      0x216 Core/Src/stm32l4xx_hal_msp.o
 .debug_macro   0x0000000000025d4b      0x220 Core/Src/stm32l4xx_it.o
 .debug_macro   0x0000000000025f6b      0x207 Core/Src/system_stm32l4xx.o
 .debug_macro   0x0000000000026172      0x220 Core/Src/tim.o
 .debug_macro   0x0000000000026392      0x220 Core/Src/usart.o
 .debug_macro   0x00000000000265b2      0x255 Drivers/STM32L4xx_HAL_Driver/Src/stm32l4xx_hal.o
 .debug_macro   0x0000000000026807      0x207 Drivers/STM32L4xx_HAL_Driver/Src/stm32l4xx_hal_cortex.o
 .debug_macro   0x0000000000026a0e      0x246 Drivers/STM32L4xx_HAL_Driver/Src/stm32l4xx_hal_gpio.o
 .debug_macro   0x0000000000026c54      0x22b Drivers/STM32L4xx_HAL_Driver/Src/stm32l4xx_hal_pwr_ex.o
 .debug_macro   0x0000000000026e7f      0x249 Drivers/STM32L4xx_HAL_Driver/Src/stm32l4xx_hal_rcc.o
 .debug_macro   0x00000000000270c8      0x23d Drivers/STM32L4xx_HAL_Driver/Src/stm32l4xx_hal_rcc_ex.o
 .debug_macro   0x0000000000027305      0x208 Drivers/STM32L4xx_HAL_Driver/Src/stm32l4xx_hal_rtc.o
 .debug_macro   0x000000000002750d      0x207 Drivers/STM32L4xx_HAL_Driver/Src/stm32l4xx_hal_rtc_ex.o
 .debug_macro   0x0000000000027714      0x20f Drivers/STM32L4xx_HAL_Driver/Src/stm32l4xx_hal_spi.o
 .debug_macro   0x0000000000027923      0x208 Drivers/STM32L4xx_HAL_Driver/Src/stm32l4xx_hal_tim.o
 .debug_macro   0x0000000000027b2b      0x207 Drivers/STM32L4xx_HAL_Driver/Src/stm32l4xx_hal_tim_ex.o
 .debug_macro   0x0000000000027d32      0x232 Drivers/STM32L4xx_HAL_Driver/Src/stm32l4xx_hal_uart.o

.debug_line     0x0000000000000000    0x15671
 .debug_line    0x0000000000000000      0x768 Core/Src/gpio.o
 .debug_line    0x0000000000000768      0x82b Core/Src/main.o
 .debug_line    0x0000000000000f93      0x7bf Core/Src/rtc.o
 .debug_line    0x0000000000001752      0x7c1 Core/Src/spi.o
 .debug_line    0x0000000000001f13      0x737 Core/Src/stm32l4xx_hal_msp.o
 .debug_line    0x000000000000264a      0x859 Core/Src/stm32l4xx_it.o
 .debug_line    0x0000000000002ea3      0x7e7 Core/Src/system_stm32l4xx.o
 .debug_line    0x000000000000368a      0x785 Core/Src/tim.o
 .debug_line    0x0000000000003e0f      0x7a6 Core/Src/usart.o
 .debug_line    0x00000000000045b5       0x87 Core/Startup/startup_stm32l476rgtx.o
 .debug_line    0x000000000000463c      0xb27 Drivers/STM32L4xx_HAL_Driver/Src/stm32l4xx_hal.o
 .debug_line    0x0000000000005163      0xccd Drivers/STM32L4xx_HAL_Driver/Src/stm32l4xx_hal_cortex.o
 .debug_line    0x0000000000005e30      0xba0 Drivers/STM32L4xx_HAL_Driver/Src/stm32l4xx_hal_gpio.o
 .debug_line    0x00000000000069d0      0xce2 Drivers/STM32L4xx_HAL_Driver/Src/stm32l4xx_hal_pwr_ex.o
 .debug_line    0x00000000000076b2      0xf6a Drivers/STM32L4xx_HAL_Driver/Src/stm32l4xx_hal_rcc.o
 .debug_line    0x000000000000861c     0x14df Drivers/STM32L4xx_HAL_Driver/Src/stm32l4xx_hal_rcc_ex.o
 .debug_line    0x0000000000009afb     0x113a Drivers/STM32L4xx_HAL_Driver/Src/stm32l4xx_hal_rtc.o
 .debug_line    0x000000000000ac35     0x1491 Drivers/STM32L4xx_HAL_Driver/Src/stm32l4xx_hal_rtc_ex.o
 .debug_line    0x000000000000c0c6     0x1f4f Drivers/STM32L4xx_HAL_Driver/Src/stm32l4xx_hal_spi.o
 .debug_line    0x000000000000e015     0x3cb0 Drivers/STM32L4xx_HAL_Driver/Src/stm32l4xx_hal_tim.o
 .debug_line    0x0000000000011cc5     0x1bf5 Drivers/STM32L4xx_HAL_Driver/Src/stm32l4xx_hal_tim_ex.o
 .debug_line    0x00000000000138ba     0x1db7 Drivers/STM32L4xx_HAL_Driver/Src/stm32l4xx_hal_uart.o

.debug_str      0x0000000000000000    0xf865d
 .debug_str     0x0000000000000000    0xf31f8 Core/Src/gpio.o
                                      0xf357a (size before relaxing)
 .debug_str     0x00000000000f31f8      0xdea Core/Src/main.o
                                      0xf3e28 (size before relaxing)
 .debug_str     0x00000000000f3fe2       0xc3 Core/Src/rtc.o
                                      0xf37fa (size before relaxing)
 .debug_str     0x00000000000f40a5       0x4b Core/Src/spi.o
                                      0xf345f (size before relaxing)
 .debug_str     0x00000000000f40f0       0x2c Core/Src/stm32l4xx_hal_msp.o
                                      0xf2ff7 (size before relaxing)
 .debug_str     0x00000000000f411c      0x110 Core/Src/stm32l4xx_it.o
                                      0xf3696 (size before relaxing)
 .debug_str     0x00000000000f422c       0xb8 Core/Src/system_stm32l4xx.o
                                      0xf2ed5 (size before relaxing)
 .debug_str     0x00000000000f42e4       0x5b Core/Src/tim.o
                                      0xf3a06 (size before relaxing)
 .debug_str     0x00000000000f433f       0x57 Core/Src/usart.o
                                      0xf3486 (size before relaxing)
 .debug_str     0x00000000000f4396       0x36 Core/Startup/startup_stm32l476rgtx.o
                                         0x6b (size before relaxing)
 .debug_str     0x00000000000f43cc      0x61d Drivers/STM32L4xx_HAL_Driver/Src/stm32l4xx_hal.o
                                      0xf3a40 (size before relaxing)
 .debug_str     0x00000000000f49e9      0x384 Drivers/STM32L4xx_HAL_Driver/Src/stm32l4xx_hal_cortex.o
                                      0xf3744 (size before relaxing)
 .debug_str     0x00000000000f4d6d      0x216 Drivers/STM32L4xx_HAL_Driver/Src/stm32l4xx_hal_gpio.o
                                      0xf316f (size before relaxing)
 .debug_str     0x00000000000f4f83      0x4b4 Drivers/STM32L4xx_HAL_Driver/Src/stm32l4xx_hal_pwr_ex.o
                                      0xf340b (size before relaxing)
 .debug_str     0x00000000000f5437      0x34e Drivers/STM32L4xx_HAL_Driver/Src/stm32l4xx_hal_rcc.o
                                      0xf34b2 (size before relaxing)
 .debug_str     0x00000000000f5785      0x3a6 Drivers/STM32L4xx_HAL_Driver/Src/stm32l4xx_hal_rcc_ex.o
                                      0xf3643 (size before relaxing)
 .debug_str     0x00000000000f5b2b      0x2a8 Drivers/STM32L4xx_HAL_Driver/Src/stm32l4xx_hal_rtc.o
                                      0xf3343 (size before relaxing)
 .debug_str     0x00000000000f5dd3      0x5bc Drivers/STM32L4xx_HAL_Driver/Src/stm32l4xx_hal_rtc_ex.o
                                      0xf3633 (size before relaxing)
 .debug_str     0x00000000000f638f      0x58c Drivers/STM32L4xx_HAL_Driver/Src/stm32l4xx_hal_spi.o
                                      0xf36a3 (size before relaxing)
 .debug_str     0x00000000000f691b      0xe62 Drivers/STM32L4xx_HAL_Driver/Src/stm32l4xx_hal_tim.o
                                      0xf4171 (size before relaxing)
 .debug_str     0x00000000000f777d      0x655 Drivers/STM32L4xx_HAL_Driver/Src/stm32l4xx_hal_tim_ex.o
                                      0xf3a43 (size before relaxing)
 .debug_str     0x00000000000f7dd2      0x88b Drivers/STM32L4xx_HAL_Driver/Src/stm32l4xx_hal_uart.o
                                      0xf3b34 (size before relaxing)

.comment        0x0000000000000000       0x53
 .comment       0x0000000000000000       0x53 Core/Src/gpio.o
                                         0x54 (size before relaxing)
 .comment       0x0000000000000053       0x54 Core/Src/main.o
 .comment       0x0000000000000053       0x54 Core/Src/rtc.o
 .comment       0x0000000000000053       0x54 Core/Src/spi.o
 .comment       0x0000000000000053       0x54 Core/Src/stm32l4xx_hal_msp.o
 .comment       0x0000000000000053       0x54 Core/Src/stm32l4xx_it.o
 .comment       0x0000000000000053       0x54 Core/Src/system_stm32l4xx.o
 .comment       0x0000000000000053       0x54 Core/Src/tim.o
 .comment       0x0000000000000053       0x54 Core/Src/usart.o
 .comment       0x0000000000000053       0x54 Drivers/STM32L4xx_HAL_Driver/Src/stm32l4xx_hal.o
 .comment       0x0000000000000053       0x54 Drivers/STM32L4xx_HAL_Driver/Src/stm32l4xx_hal_cortex.o
 .comment       0x0000000000000053       0x54 Drivers/STM32L4xx_HAL_Driver/Src/stm32l4xx_hal_gpio.o
 .comment       0x0000000000000053       0x54 Drivers/STM32L4xx_HAL_Driver/Src/stm32l4xx_hal_pwr_ex.o
 .comment       0x0000000000000053       0x54 Drivers/STM32L4xx_HAL_Driver/Src/stm32l4xx_hal_rcc.o
 .comment       0x0000000000000053       0x54 Drivers/STM32L4xx_HAL_Driver/Src/stm32l4xx_hal_rcc_ex.o
 .comment       0x0000000000000053       0x54 Drivers/STM32L4xx_HAL_Driver/Src/stm32l4xx_hal_rtc.o
 .comment       0x0000000000000053       0x54 Drivers/STM32L4xx_HAL_Driver/Src/stm32l4xx_hal_rtc_ex.o
 .comment       0x0000000000000053       0x54 Drivers/STM32L4xx_HAL_Driver/Src/stm32l4xx_hal_spi.o
 .comment       0x0000000000000053       0x54 Drivers/STM32L4xx_HAL_Driver/Src/stm32l4xx_hal_tim.o
 .comment       0x0000000000000053       0x54 Drivers/STM32L4xx_HAL_Driver/Src/stm32l4xx_hal_tim_ex.o
 .comment       0x0000000000000053       0x54 Drivers/STM32L4xx_HAL_Driver/Src/stm32l4xx_hal_uart.o

.debug_frame    0x0000000000000000     0x4e98
 .debug_frame   0x0000000000000000       0x34 Core/Src/gpio.o
 .debug_frame   0x0000000000000034       0x90 Core/Src/main.o
 .debug_frame   0x00000000000000c4       0x7c Core/Src/rtc.o
 .debug_frame   0x0000000000000140       0x74 Core/Src/spi.o
 .debug_frame   0x00000000000001b4       0x38 Core/Src/stm32l4xx_hal_msp.o
 .debug_frame   0x00000000000001ec      0x174 Core/Src/stm32l4xx_it.o
 .debug_frame   0x0000000000000360       0x58 Core/Src/system_stm32l4xx.o
 .debug_frame   0x00000000000003b8       0x74 Core/Src/tim.o
 .debug_frame   0x000000000000042c       0x74 Core/Src/usart.o
 .debug_frame   0x00000000000004a0      0x498 Drivers/STM32L4xx_HAL_Driver/Src/stm32l4xx_hal.o
 .debug_frame   0x0000000000000938      0x498 Drivers/STM32L4xx_HAL_Driver/Src/stm32l4xx_hal_cortex.o
 .debug_frame   0x0000000000000dd0      0x14c Drivers/STM32L4xx_HAL_Driver/Src/stm32l4xx_hal_gpio.o
 .debug_frame   0x0000000000000f1c      0x544 Drivers/STM32L4xx_HAL_Driver/Src/stm32l4xx_hal_pwr_ex.o
 .debug_frame   0x0000000000001460      0x1f4 Drivers/STM32L4xx_HAL_Driver/Src/stm32l4xx_hal_rcc.o
 .debug_frame   0x0000000000001654      0x2fc Drivers/STM32L4xx_HAL_Driver/Src/stm32l4xx_hal_rcc_ex.o
 .debug_frame   0x0000000000001950      0x3f4 Drivers/STM32L4xx_HAL_Driver/Src/stm32l4xx_hal_rtc.o
 .debug_frame   0x0000000000001d44      0x598 Drivers/STM32L4xx_HAL_Driver/Src/stm32l4xx_hal_rtc_ex.o
 .debug_frame   0x00000000000022dc      0x860 Drivers/STM32L4xx_HAL_Driver/Src/stm32l4xx_hal_spi.o
 .debug_frame   0x0000000000002b3c     0x121c Drivers/STM32L4xx_HAL_Driver/Src/stm32l4xx_hal_tim.o
 .debug_frame   0x0000000000003d58      0x6b0 Drivers/STM32L4xx_HAL_Driver/Src/stm32l4xx_hal_tim_ex.o
 .debug_frame   0x0000000000004408      0x9e4 Drivers/STM32L4xx_HAL_Driver/Src/stm32l4xx_hal_uart.o
 .debug_frame   0x0000000000004dec       0x2c /opt/st/stm32cubeide_1.6.0/plugins/com.st.stm32cube.ide.mcu.externaltools.gnu-tools-for-stm32.9-2020-q2-update.linux64_1.5.0.202011040924/tools/bin/../lib/gcc/arm-none-eabi/9.3.1/../../../../arm-none-eabi/lib/thumb/v7e-m+fp/hard/libc_nano.a(lib_a-init.o)
 .debug_frame   0x0000000000004e18       0x20 /opt/st/stm32cubeide_1.6.0/plugins/com.st.stm32cube.ide.mcu.externaltools.gnu-tools-for-stm32.9-2020-q2-update.linux64_1.5.0.202011040924/tools/bin/../lib/gcc/arm-none-eabi/9.3.1/../../../../arm-none-eabi/lib/thumb/v7e-m+fp/hard/libc_nano.a(lib_a-memset.o)
 .debug_frame   0x0000000000004e38       0x2c /opt/st/stm32cubeide_1.6.0/plugins/com.st.stm32cube.ide.mcu.externaltools.gnu-tools-for-stm32.9-2020-q2-update.linux64_1.5.0.202011040924/tools/bin/../lib/gcc/arm-none-eabi/9.3.1/thumb/v7e-m+fp/hard/libgcc.a(_aeabi_uldivmod.o)
 .debug_frame   0x0000000000004e64       0x34 /opt/st/stm32cubeide_1.6.0/plugins/com.st.stm32cube.ide.mcu.externaltools.gnu-tools-for-stm32.9-2020-q2-update.linux64_1.5.0.202011040924/tools/bin/../lib/gcc/arm-none-eabi/9.3.1/thumb/v7e-m+fp/hard/libgcc.a(_udivmoddi4.o)
