15:44:52 **** Incremental Build of configuration Debug for project try2_On_NewPackage ****
make -j4 all 
arm-none-eabi-gcc "../Core/Src/main.c" -mcpu=cortex-m4 -std=gnu11 -g3 -DUSE_HAL_DRIVER -DDEBUG -DSTM32WB55xx -c -I../Core/Inc -I../STM32_WPAN/App -I../X-CUBE-MEMS1/Target -I../Drivers/STM32WBxx_HAL_Driver/Inc -I../Drivers/STM32WBxx_HAL_Driver/Inc/Legacy -I../Utilities/lpm/tiny_lpm -I../tiny_lpm -I../Middlewares/ST/STM32_WPAN -I../Middlewares/ST/STM32_WPAN/interface/patterns/ble_thread -I../Middlewares/ST/STM32_WPAN/interface/patterns/ble_thread/tl -I../Middlewares/ST/STM32_WPAN/interface/patterns/ble_thread/shci -I../Middlewares/ST/STM32_WPAN/utilities -I../Middlewares/ST/STM32_WPAN/ble/core -I../Middlewares/ST/STM32_WPAN/ble/core/auto -I../Middlewares/ST/STM32_WPAN/ble/core/template -I../Middlewares/ST/STM32_WPAN/ble/svc/Inc -I../Middlewares/ST/STM32_WPAN/ble/svc/Src -I../Drivers/CMSIS/Device/ST/STM32WBxx/Include -I../Utilities/sequencer -I../Middlewares/ST/STM32_WPAN/ble -I../Drivers/CMSIS/Include -I../Drivers/BSP/Components/lsm6dsox -I../X-CUBE-AI/App -I../Middlewares/ST/AI/Inc -O0 -ffunction-sections -fdata-sections -Wall -fstack-usage -MMD -MP -MF"Core/Src/main.d" -MT"Core/Src/main.o" --specs=nano.specs -mfpu=fpv4-sp-d16 -mfloat-abi=hard -mthumb -o "Core/Src/main.o"
arm-none-eabi-gcc -o "try2_On_NewPackage.elf" @"objects.list"  -l:NetworkRuntime512_CM4_GCC.a -mcpu=cortex-m4 -T"/home/dilux/Downloads/try2_On_NewPackage/STM32WB55CGUX_FLASH.ld" --specs=nosys.specs -Wl,-Map="try2_On_NewPackage.map" -Wl,--gc-sections -static -Wl,--start-group -l:NetworkRuntime512_CM4_GCC.a -Wl,--end-group -L../Middlewares/ST/AI/Lib --specs=nano.specs -mfpu=fpv4-sp-d16 -mfloat-abi=hard -mthumb -Wl,--start-group -lc -lm -Wl,--end-group
Finished building target: try2_On_NewPackage.elf
 
arm-none-eabi-objdump -h -S  try2_On_NewPackage.elf  > "try2_On_NewPackage.list"
arm-none-eabi-objcopy  -O binary  try2_On_NewPackage.elf  "try2_On_NewPackage.bin"
arm-none-eabi-size   try2_On_NewPackage.elf 
   text	   data	    bss	    dec	    hex	filename
 137500	   2835	  51230	 191565	  2ec4d	try2_On_NewPackage.elf
Finished building: default.size.stdout
 
Finished building: try2_On_NewPackage.bin
 
Finished building: try2_On_NewPackage.list
 

15:44:57 Build Finished. 0 errors, 0 warnings. (took 5s.300ms)

